===================================================================
dnsmark multi-server comparison — Wed Jun 24 05:25:47 PM UTC 2026
Rig: dragonsage X710 (10.71.20.2) → vm-dr ens19 (10.71.20.50/192.168.8.242)
Tools: [dnsmark] CPU SIMD: SSE4.2 | sse4.2=true avx2=false avx512f=false, dnsperf DNS Performance Testing Tool
Corpus: /root/corpus-dnsperf.txt (10000 domains)
===================================================================

=== [BASELINE] ping RTT ===
10 packets transmitted, 10 received, 0% packet loss, time 937ms
rtt min/avg/max/mdev = 0.068/0.083/0.181/0.032 ms

===================================================================
SERVER: unbound-1.22.0
===================================================================
UNCONN 0      0            0.0.0.0:5355      0.0.0.0:*    users:(("systemd-resolve",pid=6378,fd=11))
UNCONN 0      0        10.71.20.50:53        0.0.0.0:*    users:(("unbound",pid=7855,fd=17))        
  [pre-warm] unbound-1.22.0: dnsperf 5K q/s × 120s (all 10K domains → cache)
  Response codes:       NOERROR 93602 (18.71%), SERVFAIL 406646 (81.26%), NXDOMAIN 152 (0.03%)
  Queries per second:   4169.996282
  [pre-warm] wait 10s for cache to settle

=== [A] DSD reproducibility (unbound-1.22.0, 3 runs) ===

--- DSD run 1/3 [ts=1782322085] ---
Peak server throughput (served, NIC HW): 322023 q/s (the server's ceiling — max replies/s on the wire)
Max sustained under p50<1.07ms SLO: 322023 q/s (SLO auto = 3× the 0.074ms floor; latency-bounded)
  DSD done [ts=1782322190]

--- DSD run 2/3 [ts=1782322193] ---
Peak server throughput (served, NIC HW): 377889 q/s (the server's ceiling — max replies/s on the wire)
Max sustained under p50<1.07ms SLO: 377889 q/s (SLO auto = 3× the 0.071ms floor; latency-bounded)
  DSD done [ts=1782322298]

--- DSD run 3/3 [ts=1782322301] ---
Peak server throughput (served, NIC HW): 369811 q/s (the server's ceiling — max replies/s on the wire)
Max sustained under p50<1.08ms SLO: 369811 q/s (SLO auto = 3× the 0.079ms floor; latency-bounded)
  DSD done [ts=1782322406]

=== [B] Load-latency curve (unbound-1.22.0, 9 QPS points) ===

--- 50000 q/s [ts=1782322409] ---
  Send throughput (egress):  50000 qps  ← match this to rx_packets on receiver NIC
  Round-trip completed:      50000 qps  (100.0% of egress, userspace)
    min:       0.038 ms
    avg:       0.066 ms
    p50:       0.065 ms
    p99:       0.101 ms
  done [ts=1782322432]

--- 100000 q/s [ts=1782322432] ---
  Send throughput (egress):  100000 qps  ← match this to rx_packets on receiver NIC
  Round-trip completed:      99998 qps  (100.0% of egress, userspace)
    min:       0.032 ms
    avg:       0.087 ms
    p50:       0.072 ms
    p99:       0.159 ms
  done [ts=1782322455]

--- 150000 q/s [ts=1782322455] ---
  Send throughput (egress):  135160 qps  ← match this to rx_packets on receiver NIC
  Round-trip completed:      135065 qps  (99.9% of egress, userspace)
    min:       0.031 ms
    avg:       1.475 ms
    p50:       0.080 ms
    p99:       8.239 ms
  done [ts=1782322478]

--- 200000 q/s [ts=1782322478] ---
  Send throughput (egress):  194891 qps  ← match this to rx_packets on receiver NIC
  Round-trip completed:      194882 qps  (100.0% of egress, userspace)
    min:       0.038 ms
    avg:       0.777 ms
    p50:       0.112 ms
    p99:       13.287 ms
  done [ts=1782322501]

--- 250000 q/s [ts=1782322501] ---
  Send throughput (egress):  194147 qps  ← match this to rx_packets on receiver NIC
  Round-trip completed:      194024 qps  (99.9% of egress, userspace)
    min:       0.040 ms
    avg:       1.396 ms
    p50:       0.135 ms
    p99:       8.831 ms
  done [ts=1782322524]

--- 290000 q/s [ts=1782322524] ---
  Send throughput (egress):  249215 qps  ← match this to rx_packets on receiver NIC
  Round-trip completed:      249186 qps  (100.0% of egress, userspace)
    min:       0.070 ms
    avg:       1.965 ms
    p50:       1.545 ms
    p99:       3.273 ms
  done [ts=1782322547]

--- 310000 q/s [ts=1782322547] ---
  Send throughput (egress):  300303 qps  ← match this to rx_packets on receiver NIC
  Round-trip completed:      300295 qps  (100.0% of egress, userspace)
    min:       0.069 ms
    avg:       2.984 ms
    p50:       3.291 ms
    p99:       5.207 ms
  done [ts=1782322570]

--- 330000 q/s [ts=1782322571] ---
  Send throughput (egress):  304843 qps  ← match this to rx_packets on receiver NIC
  Round-trip completed:      304843 qps  (100.0% of egress, userspace)
    min:       0.118 ms
    avg:       3.430 ms
    p50:       3.411 ms
    p99:       3.777 ms
  done [ts=1782322594]

--- 380000 q/s [ts=1782322594] ---
  Send throughput (egress):  305392 qps  ← match this to rx_packets on receiver NIC
  Round-trip completed:      305393 qps  (100.0% of egress, userspace)
    min:       0.152 ms
    avg:       3.719 ms
    p50:       3.643 ms
    p99:       3.957 ms
  done [ts=1782322617]

=== [C] dnsperf concurrency sweep (unbound-1.22.0) ===
(shows how the reported QPS varies with -c, before knowing the ceiling)

--- dnsperf -c 5 -T 5 -l 20 [ts=1782322617] ---
  Response codes:       NOERROR 188341 (3.82%), SERVFAIL 4743198 (96.17%), NXDOMAIN 494 (0.01%)
  Queries per second:   246597.383865
  Average Latency (s):  0.000392 (min 0.000098, max 0.001792)
  done [ts=1782322637]

--- dnsperf -c 20 -T 20 -l 20 [ts=1782322637] ---
  Response codes:       NOERROR 206175 (3.79%), SERVFAIL 5233445 (96.20%), NXDOMAIN 544 (0.01%)
  Queries per second:   272004.269538
  Average Latency (s):  0.000336 (min 0.000072, max 0.006151)
  done [ts=1782322657]

--- dnsperf -c 50 -T 50 -l 20 [ts=1782322657] ---
  Response codes:       NOERROR 205343 (3.77%), SERVFAIL 5238088 (96.22%), NXDOMAIN 545 (0.01%)
  Queries per second:   272190.375708
  Average Latency (s):  0.000342 (min 0.000075, max 0.005910)
  done [ts=1782322677]

--- dnsperf -c 200 -T 200 -l 20 [ts=1782322677] ---
  Response codes:       NOERROR 233107 (3.75%), SERVFAIL 5978053 (96.24%), NXDOMAIN 622 (0.01%)
  Queries per second:   310529.742240
  Average Latency (s):  0.000281 (min 0.000000, max 0.007672)
  done [ts=1782322697]

=== [D] dnsperf fixed QPS (unbound-1.22.0) ===

--- dnsperf -Q 50000 -l 20 [ts=1782322697] ---
  Queries per second:   49999.875000
  Average Latency (s):  0.000093 (min 0.000052, max 0.000372)
  Latency StdDev (s):   0.000013
  done [ts=1782322717]

--- dnsperf -Q 100000 -l 20 [ts=1782322717] ---
  Queries per second:   99993.030033
  Average Latency (s):  0.000091 (min 0.000051, max 0.002221)
  Latency StdDev (s):   0.000022
  done [ts=1782322737]

--- dnsperf -Q 200000 -l 20 [ts=1782322737] ---
  Queries per second:   199294.234658
  Average Latency (s):  0.000152 (min 0.000039, max 0.002119)
  Latency StdDev (s):   0.000085
  done [ts=1782322757]

--- dnsperf -Q 280000 -l 20 [ts=1782322757] ---
  Queries per second:   272357.709147
  Average Latency (s):  0.000276 (min 0.000042, max 0.001763)
  Latency StdDev (s):   0.000072
  done [ts=1782322777]

===================================================================
SERVER: bind9-9.20.23
===================================================================
UNCONN 0      0            0.0.0.0:5355      0.0.0.0:*    users:(("systemd-resolve",pid=6378,fd=11))
UNCONN 0      0        10.71.20.50:53        0.0.0.0:*    users:(("named",pid=8421,fd=95))          
  [pre-warm] bind9-9.20.23: dnsperf 5K q/s × 120s (all 10K domains → cache)
  Response codes:       NOERROR 1945 (99.85%), SERVFAIL 1 (0.05%), NXDOMAIN 2 (0.10%)
  Queries per second:   15.979995
  [pre-warm] wait 10s for cache to settle

=== [A] DSD reproducibility (bind9-9.20.23, 3 runs) ===

--- DSD run 1/3 [ts=1782322919] ---
Peak server throughput (served, NIC HW): 118 q/s (the server's ceiling — max replies/s on the wire)
Max sustained under p50<2.74ms SLO: 118 q/s (SLO auto = 3× the 0.913ms floor; latency-bounded)
  DSD done [ts=1782323024]

--- DSD run 2/3 [ts=1782323027] ---
Peak server throughput (served, NIC HW): 2654 q/s (the server's ceiling — max replies/s on the wire)
Max sustained under p50<1.09ms SLO: 134 q/s (SLO auto = 3× the 0.091ms floor; latency-bounded)
Knee bracket (DSD bisection): [198400000 ; 204800000] q/s  (±1.6%)
  DSD done [ts=1782323112]

--- DSD run 3/3 [ts=1782323115] ---
Peak server throughput (served, NIC HW): 237 q/s (the server's ceiling — max replies/s on the wire)
Max sustained under p50<1.07ms SLO: 237 q/s (SLO auto = 3× the 0.069ms floor; latency-bounded)
Knee bracket (DSD bisection): [287500 ; 300000] q/s  (±2.2%)
  DSD done [ts=1782323155]

=== [B] Load-latency curve (bind9-9.20.23, 9 QPS points) ===

--- 50000 q/s [ts=1782323158] ---
  Send throughput (egress):  45041 qps  ← match this to rx_packets on receiver NIC
  Round-trip completed:      44974 qps  (99.9% of egress, userspace)
    min:       0.044 ms
    avg:       15.255 ms
    p50:       0.077 ms
    p99:       530.943 ms
  done [ts=1782323181]

--- 100000 q/s [ts=1782323181] ---
  Send throughput (egress):  88764 qps  ← match this to rx_packets on receiver NIC
  Round-trip completed:      88675 qps  (99.9% of egress, userspace)
    min:       0.041 ms
    avg:       4.775 ms
    p50:       0.084 ms
    p99:       104.895 ms
  done [ts=1782323204]

--- 150000 q/s [ts=1782323204] ---
  Send throughput (egress):  123546 qps  ← match this to rx_packets on receiver NIC
  Round-trip completed:      123409 qps  (99.9% of egress, userspace)
    min:       0.037 ms
    avg:       4.581 ms
    p50:       0.087 ms
    p99:       90.175 ms
  done [ts=1782323227]

--- 200000 q/s [ts=1782323227] ---
  Send throughput (egress):  115782 qps  ← match this to rx_packets on receiver NIC
  Round-trip completed:      115596 qps  (99.8% of egress, userspace)
    min:       0.035 ms
    avg:       4.121 ms
    p50:       0.143 ms
    p99:       36.671 ms
  done [ts=1782323250]

--- 250000 q/s [ts=1782323250] ---
  Send throughput (egress):  98317 qps  ← match this to rx_packets on receiver NIC
  Round-trip completed:      98163 qps  (99.8% of egress, userspace)
    min:       0.035 ms
    avg:       5.678 ms
    p50:       0.136 ms
    p99:       84.607 ms
  done [ts=1782323273]

--- 290000 q/s [ts=1782323273] ---
  Send throughput (egress):  53529 qps  ← match this to rx_packets on receiver NIC
  Round-trip completed:      53306 qps  (99.6% of egress, userspace)
    min:       0.036 ms
    avg:       1.919 ms
    p50:       0.143 ms
    p99:       9.903 ms
  done [ts=1782323296]

--- 310000 q/s [ts=1782323296] ---
  Send throughput (egress):  98211 qps  ← match this to rx_packets on receiver NIC
  Round-trip completed:      98025 qps  (99.8% of egress, userspace)
    min:       0.037 ms
    avg:       2.705 ms
    p50:       0.128 ms
    p99:       6.987 ms
  done [ts=1782323319]

--- 330000 q/s [ts=1782323319] ---
  Send throughput (egress):  105010 qps  ← match this to rx_packets on receiver NIC
  Round-trip completed:      104890 qps  (99.9% of egress, userspace)
    min:       0.039 ms
    avg:       6.104 ms
    p50:       0.111 ms
    p99:       62.975 ms
  done [ts=1782323342]

--- 380000 q/s [ts=1782323342] ---
  Send throughput (egress):  120962 qps  ← match this to rx_packets on receiver NIC
  Round-trip completed:      120789 qps  (99.9% of egress, userspace)
    min:       0.035 ms
    avg:       3.868 ms
    p50:       0.143 ms
    p99:       19.567 ms
  done [ts=1782323365]

=== [C] dnsperf concurrency sweep (bind9-9.20.23) ===
(shows how the reported QPS varies with -c, before knowing the ceiling)

--- dnsperf -c 5 -T 5 -l 20 [ts=1782323365] ---
  Response codes:       NOERROR 9404 (38.78%), SERVFAIL 14831 (61.16%), NXDOMAIN 13 (0.05%)
  Queries per second:   1070.591675
  Average Latency (s):  0.004145 (min 0.000051, max 1.519969)
  done [ts=1782323388]

--- dnsperf -c 20 -T 20 -l 20 [ts=1782323388] ---
  Response codes:       NOERROR 5594 (99.84%), SERVFAIL 1 (0.02%), NXDOMAIN 8 (0.14%)
  Queries per second:   224.277317
  Average Latency (s):  0.130555 (min 0.000066, max 4.360644)
  done [ts=1782323413]

--- dnsperf -c 50 -T 50 -l 20 [ts=1782323413] ---
  Response codes:       NOERROR 5591 (99.86%), NXDOMAIN 8 (0.14%)
  Queries per second:   276.872876
  Average Latency (s):  0.000253 (min 0.000057, max 0.002155)
  done [ts=1782323434]

--- dnsperf -c 200 -T 200 -l 20 [ts=1782323434] ---
  Response codes:       NOERROR 5544 (99.86%), NXDOMAIN 8 (0.14%)
  Queries per second:   274.614039
  Average Latency (s):  0.000199 (min 0.000000, max 0.000818)
  done [ts=1782323454]

=== [D] dnsperf fixed QPS (bind9-9.20.23) ===

--- dnsperf -Q 50000 -l 20 [ts=1782323454] ---
  Queries per second:   268.757254
  Average Latency (s):  0.000099 (min 0.000056, max 0.000450)
  Latency StdDev (s):   0.000036
  done [ts=1782323475]

--- dnsperf -Q 100000 -l 20 [ts=1782323475] ---
  Queries per second:   238.026597
  Average Latency (s):  0.000108 (min 0.000058, max 0.000657)
  Latency StdDev (s):   0.000061
  done [ts=1782323495]

--- dnsperf -Q 200000 -l 20 [ts=1782323495] ---
  Queries per second:   37.394830
  Average Latency (s):  0.000375 (min 0.000057, max 0.001056)
  Latency StdDev (s):   0.000271
  done [ts=1782323515]

--- dnsperf -Q 280000 -l 20 [ts=1782323515] ---
  Queries per second:   33.118707
  Average Latency (s):  0.000302 (min 0.000067, max 0.000835)
  Latency StdDev (s):   0.000178
  done [ts=1782323535]

=== [CLEANUP] restoring unbound ===

===================================================================
Campaign complete — Wed Jun 24 05:52:17 PM UTC 2026
===================================================================
